// Jest Snapshot v1, https://goo.gl/fbAQLP

exports[`p.graphql 1`] = `
Object {
  "data": Object {
    "allPosts": Object {
      "nodes": Array [
        Object {
          "body": "Best way to learn postgraphile is using it",
          "headline": "Learning Postgraphile",
          "userByPublishedByAndEmailTo": Object {
            "name": "Michael",
          },
          "userByReviewedBy": Object {
            "name": "Michael",
          },
          "userByUserId": Object {
            "name": "Michael",
          },
        },
      ],
    },
  },
}
`;
